[[test]]
Requested URL : http://127.0.0.1:5500/test.termml
Unknown Status code
Connection Failed